// Jest Snapshot v1, https://goo.gl/fbAQLP

exports[`<StepFive /> se renderiza correctamente 1`] = `
<View
  style={
    Object {
      "backgroundColor": "white",
      "flex": 1,
    }
  }
>
  <View
    style={
      Object {
        "alignItems": "center",
        "backgroundColor": "transparent",
        "borderBottomColor": "#f2f2f2",
        "borderBottomWidth": 0,
        "flexDirection": "row",
        "justifyContent": "space-between",
        "paddingHorizontal": 10,
        "paddingVertical": 10,
      }
    }
    testID="headerContainer"
  >
    <RNCSafeAreaView
      edges={
        Array [
          "left",
          "top",
          "right",
        ]
      }
      style={
        Object {
          "flexDirection": "row",
          "width": "100%",
        }
      }
    >
      <View
        style={
          Object {
            "alignItems": "flex-start",
            "flex": 1,
          }
        }
      >
        <View
          style={
            Object {
              "alignItems": "flex-start",
              "overflow": "hidden",
            }
          }
        >
          <View
            accessibilityLabel="back"
            accessible={true}
            focusable={true}
            onClick={[Function]}
            onResponderGrant={[Function]}
            onResponderMove={[Function]}
            onResponderRelease={[Function]}
            onResponderTerminate={[Function]}
            onResponderTerminationRequest={[Function]}
            onStartShouldSetResponder={[Function]}
          >
            <View
              style={
                Object {
                  "alignItems": "center",
                  "backgroundColor": "transparent",
                  "justifyContent": "center",
                }
              }
            >
              <Text />
            </View>
          </View>
        </View>
      </View>
      <View
        style={
          Object {
            "alignItems": "center",
            "flex": 3,
          }
        }
      />
      <View
        style={
          Object {
            "alignItems": "flex-end",
            "flex": 1,
          }
        }
      />
    </RNCSafeAreaView>
  </View>
  <RCTScrollView
    style={
      Object {
        "flex": 1,
        "paddingHorizontal": 10,
        "paddingTop": 10,
      }
    }
  >
    <View>
      <Text
        style={
          Array [
            Object {
              "fontSize": 20,
              "fontWeight": "500",
              "marginBottom": 20,
              "paddingLeft": 10,
              "textAlign": "center",
            },
            Object {
              "color": "#2089dc",
            },
          ]
        }
      >
        Código de Verificación
      </Text>
      <Text
        style={
          Array [
            Object {
              "marginBottom": 0,
              "paddingHorizontal": 15,
              "textAlign": "center",
            },
            Object {
              "color": "#43484d",
            },
          ]
        }
      >
        Asegurémonos de que sea realmente para ti. Hemos enviado un mensaje con un código de verificación al número telefónico que termina en:
        

         
        <Text
          style={
            Object {
              "fontWeight": "bold",
            }
          }
        >
          ******2493
        </Text>
      </Text>
      <View
        accessible={true}
        focusable={true}
        onClick={[Function]}
        onResponderGrant={[Function]}
        onResponderMove={[Function]}
        onResponderRelease={[Function]}
        onResponderTerminate={[Function]}
        onResponderTerminationRequest={[Function]}
        onStartShouldSetResponder={[Function]}
        style={
          Object {
            "flexDirection": "row",
            "justifyContent": "center",
            "marginVertical": 20,
          }
        }
      >
        <View
          style={
            Object {
              "alignItems": "center",
              "backgroundColor": "rgba(0,0,0,0.1)",
              "borderRadius": 5,
              "height": 45,
              "justifyContent": "center",
              "marginHorizontal": 7,
              "overflow": "visible",
              "width": 70,
            }
          }
        >
          <Text
            style={
              Object {
                "color": "#2089dc",
                "fontSize": 24,
                "fontWeight": "bold",
              }
            }
          >
            
          </Text>
        </View>
        <View
          style={
            Object {
              "alignItems": "center",
              "backgroundColor": "rgba(0,0,0,0.1)",
              "borderRadius": 5,
              "height": 45,
              "justifyContent": "center",
              "marginHorizontal": 7,
              "overflow": "visible",
              "width": 70,
            }
          }
        >
          <Text
            style={
              Object {
                "color": "#2089dc",
                "fontSize": 24,
                "fontWeight": "bold",
              }
            }
          >
            
          </Text>
        </View>
        <View
          style={
            Object {
              "alignItems": "center",
              "backgroundColor": "rgba(0,0,0,0.1)",
              "borderRadius": 5,
              "height": 45,
              "justifyContent": "center",
              "marginHorizontal": 7,
              "overflow": "visible",
              "width": 70,
            }
          }
        >
          <Text
            style={
              Object {
                "color": "#2089dc",
                "fontSize": 24,
                "fontWeight": "bold",
              }
            }
          >
            
          </Text>
        </View>
        <View
          style={
            Object {
              "alignItems": "center",
              "backgroundColor": "rgba(0,0,0,0.1)",
              "borderRadius": 5,
              "height": 45,
              "justifyContent": "center",
              "marginHorizontal": 7,
              "overflow": "visible",
              "width": 70,
            }
          }
        >
          <Text
            style={
              Object {
                "color": "#2089dc",
                "fontSize": 24,
                "fontWeight": "bold",
              }
            }
          >
            
          </Text>
        </View>
        <TextInput
          accessibilityLabel="Codigo"
          allowFontScaling={true}
          autoFocus={true}
          editable={true}
          keyboardType="number-pad"
          onBlur={[Function]}
          onChangeText={[Function]}
          onFocus={[Function]}
          onKeyPress={[Function]}
          rejectResponderTermination={true}
          style={
            Array [
              Object {
                "backgroundColor": "rgba(0,0,0,0.11)",
                "borderRadius": 5,
                "bottom": 0,
                "fontSize": 24,
                "marginHorizontal": 7,
                "position": "absolute",
                "textAlign": "center",
                "top": 0,
                "width": 70,
              },
              Object {
                "color": "#2089dc",
                "left": 10,
                "opacity": 1,
              },
            ]
          }
          textContentType="oneTimeCode"
          underlineColorAndroid="transparent"
          value=""
        />
      </View>
      <View
        style={
          Object {
            "alignItems": "center",
            "flexDirection": "row",
            "justifyContent": "center",
            "marginBottom": 10,
            "marginTop": -10,
          }
        }
      >
        <Text
          style={
            Object {
              "color": "#43484d",
              "fontSize": 14,
              "margin": 0,
              "marginHorizontal": 0,
            }
          }
        >
          ¿No recibió el código?
        </Text>
        <View
          style={
            Object {
              "borderRadius": 3,
              "overflow": "hidden",
            }
          }
        >
          <View
            accessibilityRole="button"
            accessibilityState={
              Object {
                "busy": false,
                "disabled": false,
              }
            }
            accessible={true}
            focusable={true}
            onClick={[Function]}
            onResponderGrant={[Function]}
            onResponderMove={[Function]}
            onResponderRelease={[Function]}
            onResponderTerminate={[Function]}
            onResponderTerminationRequest={[Function]}
            onStartShouldSetResponder={[Function]}
            style={
              Object {
                "opacity": 1,
              }
            }
          >
            <View
              style={
                Object {
                  "alignItems": "center",
                  "backgroundColor": "transparent",
                  "borderColor": "#2089dc",
                  "borderRadius": 3,
                  "borderWidth": 0,
                  "flexDirection": "row",
                  "justifyContent": "center",
                  "padding": 8,
                }
              }
            >
              <Text
                style={
                  Object {
                    "color": "#2089dc",
                    "fontSize": 14,
                    "paddingVertical": 1,
                    "textAlign": "center",
                  }
                }
              >
                Enviar de nuevo.
              </Text>
            </View>
          </View>
        </View>
      </View>
      <View
        style={
          Object {
            "borderRadius": 3,
            "overflow": "hidden",
            "paddingHorizontal": 15,
          }
        }
      >
        <View
          accessibilityRole="button"
          accessibilityState={
            Object {
              "busy": false,
              "disabled": false,
            }
          }
          accessible={true}
          focusable={true}
          onClick={[Function]}
          onResponderGrant={[Function]}
          onResponderMove={[Function]}
          onResponderRelease={[Function]}
          onResponderTerminate={[Function]}
          onResponderTerminationRequest={[Function]}
          onStartShouldSetResponder={[Function]}
          style={
            Object {
              "opacity": 1,
            }
          }
        >
          <View
            style={
              Object {
                "alignItems": "center",
                "backgroundColor": "#2089dc",
                "borderColor": "#2089dc",
                "borderRadius": 3,
                "borderWidth": 0,
                "flexDirection": "row",
                "justifyContent": "center",
                "padding": 8,
              }
            }
          >
            <Text
              style={
                Object {
                  "color": "white",
                  "fontSize": 18,
                  "paddingVertical": 1,
                  "textAlign": "center",
                }
              }
            >
              Verificar Codigo
            </Text>
          </View>
        </View>
      </View>
      <Modal
        hardwareAccelerated={false}
        onRequestClose={[Function]}
        theme={
          Object {
            "colors": Object {
              "black": "#242424",
              "disabled": "hsl(208, 8%, 90%)",
              "divider": "#bcbbc1",
              "error": "#ff190c",
              "grey0": "#393e42",
              "grey1": "#43484d",
              "grey2": "#5e6977",
              "grey3": "#86939e",
              "grey4": "#bdc6cf",
              "grey5": "#e1e8ee",
              "greyOutline": "#bbb",
              "platform": Object {
                "android": Object {
                  "error": "#f44336",
                  "grey": "rgba(0, 0, 0, 0.54)",
                  "primary": "#2196f3",
                  "secondary": "#9C27B0",
                  "success": "#4caf50",
                  "warning": "#ffeb3b",
                },
                "default": Object {
                  "error": "#ff3b30",
                  "grey": "#7d7d7d",
                  "primary": "#007aff",
                  "searchBg": "#dcdce1",
                  "secondary": "#5856d6",
                  "success": "#4cd964",
                  "warning": "#ffcc00",
                },
                "ios": Object {
                  "error": "#ff3b30",
                  "grey": "#7d7d7d",
                  "primary": "#007aff",
                  "searchBg": "#dcdce1",
                  "secondary": "#5856d6",
                  "success": "#4cd964",
                  "warning": "#ffcc00",
                },
                "web": Object {
                  "error": "#ff190c",
                  "grey": "#393e42",
                  "primary": "#2089dc",
                  "searchBg": "#303337",
                  "secondary": "#ca71eb",
                  "success": "#52c41a",
                  "warning": "#faad14",
                },
              },
              "primary": "#2089dc",
              "searchBg": "#303337",
              "secondary": "#ca71eb",
              "success": "#52c41a",
              "warning": "#faad14",
              "white": "#ffffff",
            },
          }
        }
        transparent={true}
        visible={false}
      >
        <View
          accessible={true}
          focusable={true}
          onClick={[Function]}
          onResponderGrant={[Function]}
          onResponderMove={[Function]}
          onResponderRelease={[Function]}
          onResponderTerminate={[Function]}
          onResponderTerminationRequest={[Function]}
          onStartShouldSetResponder={[Function]}
          style={
            Object {
              "alignItems": "center",
              "backgroundColor": "rgba(0, 0, 0, .4)",
              "height": "100%",
              "justifyContent": "center",
              "left": 0,
              "position": "absolute",
              "top": 0,
              "width": "100%",
            }
          }
          testID="RNE__Overlay__backdrop"
        />
        <View
          pointerEvents="box-none"
          style={
            Object {
              "alignItems": "center",
              "flex": 1,
              "justifyContent": "center",
            }
          }
        >
          <View
            style={
              Object {
                "alignItems": "center",
                "backgroundColor": "#1F1F1F",
                "borderRadius": 10,
                "elevation": 12,
                "height": 170,
                "justifyContent": "center",
                "padding": 10,
                "shadowColor": "#000",
                "shadowOffset": Object {
                  "height": 6,
                  "width": 0,
                },
                "shadowOpacity": 0.37,
                "shadowRadius": 7.49,
                "width": 170,
              }
            }
          >
            <ActivityIndicator
              animating={true}
              color="#FFFFFF"
              hidesWhenStopped={true}
              size="large"
            />
          </View>
        </View>
      </Modal>
    </View>
  </RCTScrollView>
  <View
    style={
      Object {
        "alignItems": "center",
        "borderTopColor": "#bcbbc1",
        "borderTopWidth": 1,
        "height": 50,
        "justifyContent": "center",
      }
    }
  >
    <View
      style={
        Object {
          "borderRadius": 3,
          "overflow": "hidden",
        }
      }
    >
      <View
        accessibilityRole="button"
        accessibilityState={
          Object {
            "busy": false,
            "disabled": false,
          }
        }
        accessible={true}
        focusable={true}
        onClick={[Function]}
        onResponderGrant={[Function]}
        onResponderMove={[Function]}
        onResponderRelease={[Function]}
        onResponderTerminate={[Function]}
        onResponderTerminationRequest={[Function]}
        onStartShouldSetResponder={[Function]}
        style={
          Object {
            "opacity": 1,
          }
        }
      >
        <View
          style={
            Object {
              "alignItems": "center",
              "backgroundColor": "transparent",
              "borderColor": "#2089dc",
              "borderRadius": 3,
              "borderWidth": 0,
              "flexDirection": "row",
              "justifyContent": "center",
              "padding": 8,
            }
          }
        >
          <Text
            style={
              Object {
                "color": "#2089dc",
                "fontSize": 16,
                "paddingVertical": 1,
                "textAlign": "center",
              }
            }
          >
            Ya tienes una cuenta? Inicia Sesión
          </Text>
        </View>
      </View>
    </View>
  </View>
</View>
`;
